[18:15:09] [ServerMain/INFO]: Environment: Environment[sessionHost=https://sessionserver.mojang.com, servicesHost=https://api.minecraftservices.com, name=PROD]
[18:15:11] [ServerMain/INFO]: Loaded 1373 recipes
[18:15:11] [ServerMain/INFO]: Loaded 1484 advancements
[18:15:11] [Server thread/INFO]: Starting minecraft server version 1.21.5
[18:15:11] [Server thread/INFO]: Loading properties
[18:15:11] [Server thread/INFO]: Default game type: SURVIVAL
[18:15:11] [Server thread/INFO]: Generating keypair
[18:15:11] [Server thread/INFO]: Starting Minecraft server on *:25565
[18:15:11] [Server thread/INFO]: Using epoll channel type
[18:15:11] [Server thread/INFO]: Preparing level "world"
[18:15:12] [Server thread/INFO]: Preparing start region for dimension minecraft:overworld
[18:15:14] [Worker-Main-1/INFO]: Preparing spawn area: 0%
[18:15:14] [Worker-Main-1/INFO]: Preparing spawn area: 0%
[18:15:14] [Worker-Main-1/INFO]: Preparing spawn area: 0%
[18:15:14] [Worker-Main-1/INFO]: Preparing spawn area: 0%
[18:15:14] [Worker-Main-1/INFO]: Preparing spawn area: 0%
[18:15:14] [Server thread/INFO]: Time elapsed: 2491 ms
[18:15:14] [Server thread/INFO]: Done (2.839s)! For help, type "help"
[18:15:21] [Server thread/INFO]: ANGEL3708 (/127.95.92.93:52025) lost connection: Disconnected
[18:15:27] [User Authenticator #1/INFO]: UUID of player ANGEL3708 is 238dfd00-da8d-45db-9928-9d55f9a8098f
[18:15:28] [Server thread/INFO]: ANGEL3708[/127.95.92.93:47611] logged in with entity id 32 at (-15.997216179952131, 81.81130449836634, 105.46507370361512)
[18:15:28] [Server thread/INFO]: ANGEL3708 joined the game
[18:28:46] [Server thread/INFO]: [ANGEL3708: Teleported ANGEL3708 to -7.030000, 195.000000, 112.470000]
[18:28:51] [Server thread/INFO]: [ANGEL3708: Teleported ANGEL3708 to -7.030000, 195.000000, 112.470000]
[18:29:03] [Server thread/INFO]: [ANGEL3708: Successfully filled 1 block(s)]
[18:29:48] [Server thread/INFO]: [ANGEL3708: Teleported ANGEL3708 to -4.520000, 195.130000, 112.400000]
[18:30:31] [Server thread/INFO]: [ANGEL3708: Set own game mode to Survival Mode]
[18:30:35] [Server thread/INFO]: [ANGEL3708: Set own game mode to Creative Mode]
[18:30:52] [Server thread/INFO]: [ANGEL3708: Set own game mode to Survival Mode]
[18:31:22] [Server thread/INFO]: [ANGEL3708: Set own game mode to Creative Mode]
[18:34:05] [Server thread/INFO]: [ANGEL3708: Set own game mode to Survival Mode]
[18:38:43] [Server thread/INFO]: ANGEL3708 lost connection: Disconnected
[18:38:43] [Server thread/INFO]: ANGEL3708 left the game
[18:39:00] [Server thread/INFO]: Stopping the server
[18:39:00] [Server thread/INFO]: Stopping server
[18:39:00] [Server thread/INFO]: Saving players
[18:39:00] [Server thread/INFO]: Saving worlds
[18:39:00] [Server thread/INFO]: Saving chunks for level 'ServerLevel[world]'/minecraft:overworld
[18:39:00] [Server thread/INFO]: Saving chunks for level 'ServerLevel[world]'/minecraft:the_nether
[18:39:00] [Server thread/INFO]: Saving chunks for level 'ServerLevel[world]'/minecraft:the_end
[18:39:00] [Server thread/INFO]: ThreadedAnvilChunkStorage (world): All chunks are saved
[18:39:00] [Server thread/INFO]: ThreadedAnvilChunkStorage (DIM-1): All chunks are saved
[18:39:00] [Server thread/INFO]: ThreadedAnvilChunkStorage (DIM1): All chunks are saved
[18:39:00] [Server thread/INFO]: ThreadedAnvilChunkStorage: All dimensions are saved
